// Jest Snapshot v1, https://goo.gl/fbAQLP

exports[`should flatten observables 1`] = `
Array [
  Object {
    "pending": true,
  },
  Object {
    "pending": true,
  },
  Object {
    "fulfilled": true,
    "value": 1,
  },
  Object {
    "fulfilled": true,
    "value": 2,
  },
  Object {
    "fulfilled": true,
    "value": 3,
  },
  Object {
    "pending": true,
  },
  Object {
    "fulfilled": true,
    "value": 4,
  },
  Object {
    "fulfilled": true,
    "value": 5,
  },
  Object {
    "fulfilled": true,
    "value": 6,
  },
  Object {
    "pending": true,
  },
  Object {
    "fulfilled": true,
    "value": 7,
  },
  Object {
    "fulfilled": true,
    "value": 8,
  },
  Object {
    "fulfilled": true,
    "value": 9,
  },
]
`;
